src/app/(dashboard)/journal/new/page.tsx(10,10): error TS2305: Module '"@/components/layout"' has no exported member 'Header'.
src/app/(dashboard)/page.tsx(9,10): error TS2305: Module '"@/components/layout"' has no exported member 'Header'.
